// Jest Snapshot v1, https://jestjs.io/docs/snapshot-testing

exports[`<CartItem /> should match snapshot 1`] = `
<div>
  <article
    aria-label="Produto: Produto Teste"
    class="sc-bRKDuR hLvVdg"
    data-testid="cart-item"
  >
    <img
      alt="Imagem do produto Produto Teste"
      class="sc-hvigdm flWskD"
      data-nimg="1"
      decoding="async"
      height="211"
      loading="lazy"
      src="/_next/image?url=https%3A%2F%2Fvia.placeholder.com%2F256x211.png&w=640&q=75"
      srcset="/_next/image?url=https%3A%2F%2Fvia.placeholder.com%2F256x211.png&w=256&q=75 1x, /_next/image?url=https%3A%2F%2Fvia.placeholder.com%2F256x211.png&w=640&q=75 2x"
      style="color: transparent; background-size: cover; background-position: 50% 50%; background-repeat: no-repeat;"
      width="256"
    />
    <div
      class="sc-fhHczv dtjZdJ"
    >
      <button
        aria-label="Remover Produto Teste do carrinho"
        class="sc-ggWZvA FHRrb"
        type="button"
      >
        <svg
          aria-hidden="true"
          color="#DE3838"
          fill="currentColor"
          height="24"
          stroke="currentColor"
          stroke-width="0"
          style="color: rgb(222, 56, 56);"
          viewBox="0 0 16 16"
          width="24"
          xmlns="http://www.w3.org/2000/svg"
        >
          <path
            d="M6.5 1h3a.5.5 0 0 1 .5.5v1H6v-1a.5.5 0 0 1 .5-.5M11 2.5v-1A1.5 1.5 0 0 0 9.5 0h-3A1.5 1.5 0 0 0 5 1.5v1H1.5a.5.5 0 0 0 0 1h.538l.853 10.66A2 2 0 0 0 4.885 16h6.23a2 2 0 0 0 1.994-1.84l.853-10.66h.538a.5.5 0 0 0 0-1zm1.958 1-.846 10.58a1 1 0 0 1-.997.92h-6.23a1 1 0 0 1-.997-.92L3.042 3.5zm-7.487 1a.5.5 0 0 1 .528.47l.5 8.5a.5.5 0 0 1-.998.06L5 5.03a.5.5 0 0 1 .47-.53Zm5.058 0a.5.5 0 0 1 .47.53l-.5 8.5a.5.5 0 1 1-.998-.06l.5-8.5a.5.5 0 0 1 .528-.47M8 4.5a.5.5 0 0 1 .5.5v8.5a.5.5 0 0 1-1 0V5a.5.5 0 0 1 .5-.5"
          />
        </svg>
      </button>
      <h2
        class="sc-dTvVRJ grTNHw"
      >
        Produto Teste
      </h2>
      <p
        class="sc-jwTyAe gDnhfW"
      >
        Descrição do produto teste
      </p>
      <div
        class="sc-hjsuWn kGyVvi"
      >
        <div>
          <label
            for="quantity"
          >
            Quantidade de Produto Teste
          </label>
          <select
            data-testid="quantity-selector"
          >
            <option
              value="1"
            >
              1
            </option>
            <option
              value="2"
            >
              2
            </option>
            <option
              value="3"
            >
              3
            </option>
            <option
              value="4"
            >
              4
            </option>
            <option
              value="5"
            >
              5
            </option>
          </select>
        </div>
        <p
          aria-label="Preço do produto R$ 123,45"
          class="sc-jJLAfE kSSYMx"
        >
          R$ 123,45
        </p>
      </div>
    </div>
  </article>
</div>
`;
