// Jest Snapshot v1, https://jestjs.io/docs/snapshot-testing

exports[`<QuantitySelector /> should match snapshot 1`] = `
<div>
  <div
    class="sc-bRKDuR fPjpkO"
  >
    <label
      class="sr-only"
      id="quantity-label"
    >
      Selecione a quantidade
    </label>
    <button
      aria-controls="quantity-listbox"
      aria-expanded="false"
      aria-haspopup="listbox"
      aria-labelledby="quantity-label"
      class="sc-hvigdm eqGjCL"
      id="quantity"
      role="combobox"
    >
      <span>
        Option 1
      </span>
      <svg
        aria-hidden="true"
        class="icon"
        color="#737380"
        fill="currentColor"
        height="16"
        stroke="currentColor"
        stroke-width="0"
        style="color: rgb(115, 115, 128);"
        viewBox="0 0 448 512"
        width="16"
        xmlns="http://www.w3.org/2000/svg"
      >
        <path
          d="M207.029 381.476L12.686 187.132c-9.373-9.373-9.373-24.569 0-33.941l22.667-22.667c9.357-9.357 24.522-9.375 33.901-.04L224 284.505l154.745-154.021c9.379-9.335 24.544-9.317 33.901.04l22.667 22.667c9.373 9.373 9.373 24.569 0 33.941L240.971 381.476c-9.373 9.372-24.569 9.372-33.942 0z"
        />
      </svg>
    </button>
    <div
      aria-labelledby="quantity-label"
      class="sc-fhHczv eXWIhS"
      id="quantity-listbox"
      role="listbox"
    >
      <button
        aria-selected="true"
        class="sc-ggWZvA gKPDnv"
        role="option"
        tabindex="0"
      >
        Option 1
      </button>
      <button
        aria-selected="false"
        class="sc-ggWZvA gKPDnv"
        role="option"
        tabindex="0"
      >
        Option 2
      </button>
      <button
        aria-selected="false"
        class="sc-ggWZvA gKPDnv"
        role="option"
        tabindex="0"
      >
        Option 3
      </button>
    </div>
  </div>
</div>
`;
