// Jest Snapshot v1, https://jestjs.io/docs/snapshot-testing

exports[`<MainProduct /> should match snapshot 1`] = `
<div>
  <main
    class="sc-bRKDuR jUVPqi"
  >
    <button
      aria-label="Voltar para a página anterior"
      class="sc-hvigdm jhQtkF"
      data-testid="back-button"
    >
      <img
        alt="Ícone voltar"
        height="24"
        src="/back.png"
        width="24"
      />
      Voltar
    </button>
    <section
      aria-labelledby="product-title"
      class="sc-fhHczv floSdJ"
      data-testid="body-product"
    >
      <img
        alt="Imagem do produto"
        aria-label="Imagem ilustrativa do produto Sofá 3 Lugares Retrátil"
        blurdataurl="..."
        class="sc-ggWZvA lngDEH"
        height="580"
        loading="lazy"
        placeholder="blur"
        role="img"
        sizes="(max-width: 768px) 100vw, 640px"
        src="/fake-product.jpg"
        width="640"
      />
      <section
        aria-describedby="product-description"
        aria-labelledby="product-title"
        class="sc-dTvVRJ hyRNqX"
      >
        <div
          class="sc-jwTyAe kKULXm"
        >
          <p
            class="sc-hjsuWn cOfegs"
          >
            Casa e Decoração
          </p>
          <h1
            class="sc-jJLAfE bypYEZ"
            id="product-title"
          >
            Sofá 3 Lugares Retrátil
          </h1>
          <p
            aria-label="Preço do produto"
            class="sc-hwkwBN hGDnhX"
          >
            R$ 1.899,99
          </p>
          <div
            class="sc-kNOymR clVJot"
            id="product-description"
          >
            <p>
              Descrição
            </p>
            <span>
              Sofá confortável com assento retrátil e reclinável, revestimento em tecido suede e estrutura de madeira maciça.
            </span>
          </div>
        </div>
        <button
          aria-label="Adicionar"
          class="sc-dYwGCk iBUWmd"
          type="button"
        >
          <svg
            aria-hidden="true"
            color="#fff"
            data-testid="icon-svg"
            fill="none"
            focusable="false"
            height="24"
            stroke="currentColor"
            stroke-linecap="round"
            stroke-linejoin="round"
            stroke-width="2"
            style="color: rgb(255, 255, 255);"
            viewBox="0 0 24 24"
            width="24"
            xmlns="http://www.w3.org/2000/svg"
          >
            <circle
              cx="9"
              cy="21"
              r="1"
            />
            <circle
              cx="20"
              cy="21"
              r="1"
            />
            <path
              d="M1 1h4l2.68 13.39a2 2 0 0 0 2 1.61h9.72a2 2 0 0 0 2-1.61L23 6H6"
            />
          </svg>
          <p>
            Adicionar
          </p>
        </button>
      </section>
    </section>
  </main>
</div>
`;
