// Jest Snapshot v1, https://jestjs.io/docs/snapshot-testing

exports[`<ProductCard /> should match snapshot 1`] = `
<div>
  <a
    class="sc-bRKDuR eiEcPF"
    href="#"
  >
    <article
      aria-label="Ver detalhes do produto Produto Teste"
      class="sc-hvigdm cOwQtH"
    >
      <img
        alt="Imagem do produto Produto Teste"
        class="sc-fhHczv jlpayb"
        data-nimg="1"
        decoding="async"
        height="200"
        loading="lazy"
        src="/_next/image?url=%2Ffake-image.png&w=640&q=75"
        srcset="/_next/image?url=%2Ffake-image.png&w=256&q=75 1x, /_next/image?url=%2Ffake-image.png&w=640&q=75 2x"
        style="color: transparent; background-size: cover; background-position: 50% 50%; background-repeat: no-repeat;"
        width="200"
      />
      <div
        class="sc-ggWZvA dLqYET"
      >
        <div
          class="sc-kNOymR jdKBkv"
        >
          <span>
            <svg
              aria-hidden="true"
              color="#FFE100"
              fill="currentColor"
              focusable="false"
              height="12"
              stroke="currentColor"
              stroke-width="0"
              style="color: rgb(255, 225, 0);"
              viewBox="0 0 24 24"
              width="12"
              xmlns="http://www.w3.org/2000/svg"
            >
              <path
                d="m12.672.668 3.059 6.197 6.838.993a.75.75 0 0 1 .416 1.28l-4.948 4.823 1.168 6.812a.75.75 0 0 1-1.088.79L12 18.347l-6.116 3.216a.75.75 0 0 1-1.088-.791l1.168-6.811-4.948-4.823a.749.749 0 0 1 .416-1.279l6.838-.994L11.327.668a.75.75 0 0 1 1.345 0Z"
              />
            </svg>
          </span>
          <span>
            4.5
          </span>
        </div>
        <span
          class="sc-dTvVRJ jvNhqL"
        >
          Eletrônicos
        </span>
        <h2
          class="sc-jwTyAe hxRbsY"
        >
          Produto Teste
        </h2>
        <p
          class="sc-hjsuWn dfzDzc"
        >
          Descrição do produto teste
        </p>
        <span
          class="sc-jJLAfE bKxnRq"
        >
          R$ 
          99,99
        </span>
        <span
          aria-label="10 unidades em estoque"
          class="sc-hwkwBN hQtOZw stock"
        >
          10
           em estoque
        </span>
        <button
          aria-label="Adicionar Produto Teste ao carrinho"
        >
          Adicionar ao carrinho
        </button>
      </div>
    </article>
  </a>
</div>
`;
