// Jest Snapshot v1, https://jestjs.io/docs/snapshot-testing

exports[`<ProductInfo /> should match snapshot 1`] = `
<div>
  <section
    aria-describedby="product-description"
    aria-labelledby="product-title"
    class="sc-bRKDuR gSxecp"
  >
    <div
      class="sc-hvigdm cSUguT"
    >
      <p
        class="sc-fhHczv hCsJkM"
      >
        Casa e Decoração
      </p>
      <h1
        class="sc-ggWZvA bBbRPB"
        id="product-title"
      >
        Sofá 3 Lugares Retrátil
      </h1>
      <p
        aria-label="Preço do produto"
        class="sc-dTvVRJ cJcKdX"
      >
        R$ 1.899,99
      </p>
      <div
        class="sc-jwTyAe cDycJE"
        id="product-description"
      >
        <p>
          Descrição
        </p>
        <span>
          Sofá confortável com assento retrátil e reclinável, revestimento em tecido suede e estrutura de madeira maciça.
        </span>
      </div>
    </div>
    <button
      aria-label="Adicionar"
      class="sc-hjsuWn jsmGPx"
      type="button"
    >
      <svg
        aria-hidden="true"
        color="#fff"
        data-testid="icon-svg"
        fill="none"
        focusable="false"
        height="24"
        stroke="currentColor"
        stroke-linecap="round"
        stroke-linejoin="round"
        stroke-width="2"
        style="color: rgb(255, 255, 255);"
        viewBox="0 0 24 24"
        width="24"
        xmlns="http://www.w3.org/2000/svg"
      >
        <circle
          cx="9"
          cy="21"
          r="1"
        />
        <circle
          cx="20"
          cy="21"
          r="1"
        />
        <path
          d="M1 1h4l2.68 13.39a2 2 0 0 0 2 1.61h9.72a2 2 0 0 0 2-1.61L23 6H6"
        />
      </svg>
      <p>
        Adicionar
      </p>
    </button>
  </section>
</div>
`;
