// Jest Snapshot v1, https://jestjs.io/docs/snapshot-testing

exports[`Pagination shoult match snapshot 1`] = `
<div>
  <div
    class="sc-bRKDuR ilKUNf"
  >
    <button
      class="sc-hvigdm fNbYBE"
      disabled=""
    >
      <svg
        color="#737380"
        fill="currentColor"
        height="16"
        stroke="currentColor"
        stroke-width="0"
        style="color: rgb(115, 115, 128);"
        viewBox="0 0 512 512"
        width="16"
        xmlns="http://www.w3.org/2000/svg"
      >
        <path
          d="M217.9 256L345 129c9.4-9.4 9.4-24.6 0-33.9-9.4-9.4-24.6-9.3-34 0L167 239c-9.1 9.1-9.3 23.7-.7 33.1L310.9 417c4.7 4.7 10.9 7 17 7s12.3-2.3 17-7c9.4-9.4 9.4-24.6 0-33.9L217.9 256z"
        />
      </svg>
    </button>
    <button
      class="sc-hvigdm fNbYBE current"
    >
      1
    </button>
    <button
      class="sc-hvigdm fNbYBE"
    >
      2
    </button>
    <button
      class="sc-hvigdm fNbYBE"
    >
      3
    </button>
    <button
      class="sc-hvigdm fNbYBE"
    >
      <svg
        color="#737380"
        fill="currentColor"
        height="16"
        stroke="currentColor"
        stroke-width="0"
        style="color: rgb(115, 115, 128);"
        viewBox="0 0 512 512"
        width="16"
        xmlns="http://www.w3.org/2000/svg"
      >
        <path
          d="M294.1 256L167 129c-9.4-9.4-9.4-24.6 0-33.9s24.6-9.3 34 0L345 239c9.1 9.1 9.3 23.7.7 33.1L201.1 417c-4.7 4.7-10.9 7-17 7s-12.3-2.3-17-7c-9.4-9.4-9.4-24.6 0-33.9l127-127.1z"
        />
      </svg>
    </button>
  </div>
</div>
`;
