// Jest Snapshot v1, https://jestjs.io/docs/snapshot-testing

exports[`<CartList /> should match snapshot 1`] = `
<div>
  <section
    class="sc-bRKDuR faLdco"
  >
    <h2
      class="sc-hvigdm kLTKGJ"
      id="order-summary-title"
    >
      Resumo do pedido
    </h2>
    <p
      aria-labelledby="order-summary-title"
      aria-live="polite"
      class="sc-fhHczv dzDssg"
    >
      Total (2 produtos) 
      <span>
        R$Â 30,00
      </span>
    </p>
    <ul
      aria-label="Lista de produtos do carrinho"
      class="sc-ggWZvA YqVpg"
    >
      <li>
        <div
          data-testid="cart-item"
        >
          <p>
            Produto 1
          </p>
          <p>
            Desc 1
          </p>
          <p>
            10
          </p>
          <img
            alt="Produto 1"
            src="img1.png"
          />
        </div>
      </li>
      <li>
        <div
          data-testid="cart-item"
        >
          <p>
            Produto 2
          </p>
          <p>
            Desc 2
          </p>
          <p>
            20
          </p>
          <img
            alt="Produto 2"
            src="img2.png"
          />
        </div>
      </li>
    </ul>
  </section>
</div>
`;
