// Jest Snapshot v1, https://jestjs.io/docs/snapshot-testing

exports[`<SearchComponent /> should match snapshot 1`] = `
<div>
  <div
    aria-label="Pesquisar no site"
    class="sc-bRKDuR gmhrnS"
    role="search"
  >
    <label
      class="sr-only"
      for="site-search"
    >
      <span
        class="sc-ggWZvA garkgY"
      >
        Procurar produtos
      </span>
    </label>
    <div
      class="sc-hjsuWn gZDtLR"
    >
      <input
        aria-label="Campo de busca"
        class="sc-hvigdm jqpAwf"
        id="site-search"
        placeholder="Procurando algo especÃ­fico?"
        type="search"
        value=""
      />
      <svg
        aria-hidden="true"
        class="sc-fhHczv gkiTve"
        data-testid="search-icon"
        fill="currentColor"
        focusable="false"
        height="24"
        id="search"
        stroke="currentColor"
        stroke-width="0"
        version="1.1"
        viewBox="0 0 24 24"
        width="24"
        x="0px"
        xmlns="http://www.w3.org/2000/svg"
        y="0px"
      >
        <g>
          <path
            d="M20.031,20.79c0.46,0.46,1.17-0.25,0.71-0.7l-3.75-3.76c1.27-1.41,2.04-3.27,2.04-5.31
		c0-4.39-3.57-7.96-7.96-7.96s-7.96,3.57-7.96,7.96c0,4.39,3.57,7.96,7.96,7.96c1.98,0,3.81-0.73,5.21-1.94L20.031,20.79z
		 M4.11,11.02c0-3.84,3.13-6.96,6.96-6.96c3.84,0,6.96,3.12,6.96,6.96c0,3.84-3.12,6.96-6.96,6.96C7.24,17.98,4.11,14.86,4.11,11.02
		z"
          />
        </g>
      </svg>
    </div>
  </div>
</div>
`;
